main.c:93:6:HAL_UART_RxCpltCallback	16	static
main.c:101:6:HAL_UART_TxCpltCallback	16	static
main.c:109:6:stop_measure_speed_CB	32	static
main.c:124:6:start_measure_speed_CB	8	static
main.c:138:6:task	40	static
main.c:171:6:speedometer_CB	24	static
main.c:186:5:main	32	static
main.c:250:6:SystemClock_Config	232	static
main.c:330:13:MX_DFSDM1_Init	8	static
main.c:368:13:MX_I2C1_Init	8	static
main.c:414:13:MX_I2C2_Init	8	static
main.c:460:13:MX_QUADSPI_Init	8	static
main.c:493:13:MX_SPI3_Init	8	static
main.c:533:13:MX_UART4_Init	8	static
main.c:568:13:MX_USART1_UART_Init	8	static
main.c:603:13:MX_USART3_UART_Init	8	static
main.c:638:13:MX_USB_OTG_FS_PCD_Init	8	static
main.c:671:13:MX_DMA_Init	16	static
main.c:689:13:MX_GPIO_Init	48	static
main.c:863:6:Error_Handler	4	static
