main.c:94:6:HAL_UART_RxCpltCallback	16	static
main.c:102:6:HAL_UART_TxCpltCallback	16	static
main.c:113:6:stop_measure_speed_CB	32	static
main.c:130:6:start_measure_speed_CB	8	static
main.c:144:6:task	40	static
main.c:178:6:speedometer_CB	24	static
main.c:193:5:main	32	static
main.c:257:6:SystemClock_Config	232	static
main.c:337:13:MX_DFSDM1_Init	8	static
main.c:375:13:MX_I2C1_Init	8	static
main.c:421:13:MX_I2C2_Init	8	static
main.c:467:13:MX_QUADSPI_Init	8	static
main.c:500:13:MX_SPI3_Init	8	static
main.c:540:13:MX_UART4_Init	8	static
main.c:575:13:MX_USART1_UART_Init	8	static
main.c:610:13:MX_USART3_UART_Init	8	static
main.c:645:13:MX_USB_OTG_FS_PCD_Init	8	static
main.c:678:13:MX_DMA_Init	16	static
main.c:696:13:MX_GPIO_Init	48	static
main.c:870:6:Error_Handler	4	static
